// Jest Snapshot v1, https://goo.gl/fbAQLP

exports[`actions get details_member 1`] = `undefined`;
